2026-09-02 13:42:22 +07:00: Traceback (most recent call last):
2026-09-02 13:42:22 +07:00:   File "D:\- Others\6 - Kerja\AKG\5 - PE\MTC CHECK LIST\mtc-checklist\backend\server.py", line 123, in <module>
2026-09-02 13:42:22 +07:00: print("\U0001f680 Server Lokal AKG Maintenance AKTIF!")
2026-09-02 13:42:22 +07:00:   File "C:\Users\Aurelia\AppData\Local\Programs\Python\Python39\lib\encodings\cp1252.py", line 19, in encode
2026-09-02 13:42:22 +07:00:     return codecs.charmap_encode(input,self.errors,encoding_table)[0]
2026-09-02 13:42:22 +07:00: UnicodeEncodeError: 'charmap' codec can't encode character '\U0001f680' in position 0: character maps to <undefined>
2026-09-02 13:42:24 +07:00: Traceback (most recent call last):
2026-09-02 13:42:24 +07:00:   File "D:\- Others\6 - Kerja\AKG\5 - PE\MTC CHECK LIST\mtc-checklist\backend\server.py", line 123, in <module>
2026-09-02 13:42:24 +07:00:     print("\U0001f680 Server Lokal AKG Maintenance AKTIF!")
2026-09-02 13:42:24 +07:00:   File "C:\Users\Aurelia\AppData\Local\Programs\Python\Python39\lib\encodings\cp1252.py", line 19, in encode
2026-09-02 13:42:24 +07:00:     return codecs.charmap_encode(input,self.errors,encoding_table)[0]
2026-09-02 13:42:24 +07:00: UnicodeEncodeError: 'charmap' codec can't encode character '\U0001f680' in position 0: character maps to <undefined>
2026-09-02 13:42:25 +07:00: Traceback (most recent call last):
2026-09-02 13:42:25 +07:00:   File "D:\- Others\6 - Kerja\AKG\5 - PE\MTC CHECK LIST\mtc-checklist\backend\server.py", line 123, in <module>
2026-09-02 13:42:25 +07:00:     print("\U0001f680 Server Lokal AKG Maintenance AKTIF!")
2026-09-02 13:42:25 +07:00:   File "C:\Users\Aurelia\AppData\Local\Programs\Python\Python39\lib\encodings\cp1252.py", line 19, in encode
2026-09-02 13:42:25 +07:00:     return codecs.charmap_encode(input,self.errors,encoding_table)[0]
2026-09-02 13:42:25 +07:00: UnicodeEncodeError: 'charmap' codec can't encode character '\U0001f680' in position 0: character maps to <undefined>
2026-09-02 13:42:25 +07:00: Traceback (most recent call last):
2026-09-02 13:42:25 +07:00:   File "D:\- Others\6 - Kerja\AKG\5 - PE\MTC CHECK LIST\mtc-checklist\backend\server.py", line 123, in <module>
2026-09-02 13:42:25 +07:00:     print("\U0001f680 Server Lokal AKG Maintenance AKTIF!")
2026-09-02 13:42:25 +07:00:   File "C:\Users\Aurelia\AppData\Local\Programs\Python\Python39\lib\encodings\cp1252.py", line 19, in encode
2026-09-02 13:42:25 +07:00:     return codecs.charmap_encode(input,self.errors,encoding_table)[0]
2026-09-02 13:42:25 +07:00: UnicodeEncodeError: 'charmap' codec can't encode character '\U0001f680' in position 0: character maps to <undefined>
2026-09-02 13:42:26 +07:00: Traceback (most recent call last):
2026-09-02 13:42:26 +07:00:   File "D:\- Others\6 - Kerja\AKG\5 - PE\MTC CHECK LIST\mtc-checklist\backend\server.py", line 123, in <module>
2026-09-02 13:42:26 +07:00:     print("\U0001f680 Server Lokal AKG Maintenance AKTIF!")
2026-09-02 13:42:26 +07:00:   File "C:\Users\Aurelia\AppData\Local\Programs\Python\Python39\lib\encodings\cp1252.py", line 19, in encode
2026-09-02 13:42:26 +07:00:     return codecs.charmap_encode(input,self.errors,encoding_table)[0]
2026-09-02 13:42:26 +07:00: UnicodeEncodeError: 'charmap' codec can't encode character '\U0001f680' in position 0: character maps to <undefined>
2026-09-02 13:42:27 +07:00: Traceback (most recent call last):
2026-09-02 13:42:27 +07:00:   File "D:\- Others\6 - Kerja\AKG\5 - PE\MTC CHECK LIST\mtc-checklist\backend\server.py", line 123, in <module>
2026-09-02 13:42:27 +07:00:     print("\U0001f680 Server Lokal AKG Maintenance AKTIF!")
2026-09-02 13:42:27 +07:00:   File "C:\Users\Aurelia\AppData\Local\Programs\Python\Python39\lib\encodings\cp1252.py", line 19, in encode
2026-09-02 13:42:27 +07:00:     return codecs.charmap_encode(input,self.errors,encoding_table)[0]
2026-09-02 13:42:27 +07:00: UnicodeEncodeError: 'charmap' codec can't encode character '\U0001f680' in position 0: character maps to <undefined>
2026-09-02 13:42:27 +07:00: Traceback (most recent call last):
2026-09-02 13:42:27 +07:00:   File "D:\- Others\6 - Kerja\AKG\5 - PE\MTC CHECK LIST\mtc-checklist\backend\server.py", line 123, in <module>
2026-09-02 13:42:27 +07:00:     print("\U0001f680 Server Lokal AKG Maintenance AKTIF!")
2026-09-02 13:42:27 +07:00:   File "C:\Users\Aurelia\AppData\Local\Programs\Python\Python39\lib\encodings\cp1252.py", line 19, in encode
2026-09-02 13:42:27 +07:00:     return codecs.charmap_encode(input,self.errors,encoding_table)[0]
2026-09-02 13:42:27 +07:00: UnicodeEncodeError: 'charmap' codec can't encode character '\U0001f680' in position 0: character maps to <undefined>
2026-09-02 13:42:28 +07:00: Traceback (most recent call last):
2026-09-02 13:42:28 +07:00:   File "D:\- Others\6 - Kerja\AKG\5 - PE\MTC CHECK LIST\mtc-checklist\backend\server.py", line 123, in <module>
2026-09-02 13:42:28 +07:00:     print("\U0001f680 Server Lokal AKG Maintenance AKTIF!")
2026-09-02 13:42:28 +07:00:   File "C:\Users\Aurelia\AppData\Local\Programs\Python\Python39\lib\encodings\cp1252.py", line 19, in encode
2026-09-02 13:42:28 +07:00:     return codecs.charmap_encode(input,self.errors,encoding_table)[0]
2026-09-02 13:42:28 +07:00: UnicodeEncodeError: 'charmap' codec can't encode character '\U0001f680' in position 0: character maps to <undefined>
2026-09-02 13:42:28 +07:00: Traceback (most recent call last):
2026-09-02 13:42:28 +07:00:   File "D:\- Others\6 - Kerja\AKG\5 - PE\MTC CHECK LIST\mtc-checklist\backend\server.py", line 123, in <module>
2026-09-02 13:42:28 +07:00:     print("\U0001f680 Server Lokal AKG Maintenance AKTIF!")
2026-09-02 13:42:28 +07:00:   File "C:\Users\Aurelia\AppData\Local\Programs\Python\Python39\lib\encodings\cp1252.py", line 19, in encode
2026-09-02 13:42:28 +07:00:     return codecs.charmap_encode(input,self.errors,encoding_table)[0]
2026-09-02 13:42:28 +07:00: UnicodeEncodeError: 'charmap' codec can't encode character '\U0001f680' in position 0: character maps to <undefined>
2026-09-02 13:42:29 +07:00: Traceback (most recent call last):
2026-09-02 13:42:29 +07:00:   File "D:\- Others\6 - Kerja\AKG\5 - PE\MTC CHECK LIST\mtc-checklist\backend\server.py", line 123, in <module>
2026-09-02 13:42:29 +07:00:     print("\U0001f680 Server Lokal AKG Maintenance AKTIF!")
2026-09-02 13:42:29 +07:00:   File "C:\Users\Aurelia\AppData\Local\Programs\Python\Python39\lib\encodings\cp1252.py", line 19, in encode
2026-09-02 13:42:29 +07:00:     return codecs.charmap_encode(input,self.errors,encoding_table)[0]
2026-09-02 13:42:29 +07:00: UnicodeEncodeError: 'charmap' codec can't encode character '\U0001f680' in position 0: character maps to <undefined>
2026-09-02 13:42:29 +07:00: Traceback (most recent call last):
2026-09-02 13:42:29 +07:00:   File "D:\- Others\6 - Kerja\AKG\5 - PE\MTC CHECK LIST\mtc-checklist\backend\server.py", line 123, in <module>
2026-09-02 13:42:29 +07:00:     print("\U0001f680 Server Lokal AKG Maintenance AKTIF!")
2026-09-02 13:42:29 +07:00:   File "C:\Users\Aurelia\AppData\Local\Programs\Python\Python39\lib\encodings\cp1252.py", line 19, in encode
2026-09-02 13:42:29 +07:00:     return codecs.charmap_encode(input,self.errors,encoding_table)[0]
2026-09-02 13:42:29 +07:00: 
2026-09-02 13:42:30 +07:00: Traceback (most recent call last):
2026-09-02 13:42:30 +07:00:   File "D:\- Others\6 - Kerja\AKG\5 - PE\MTC CHECK LIST\mtc-checklist\backend\server.py", line 123, in <module>
2026-09-02 13:42:30 +07:00:     print("\U0001f680 Server Lokal AKG Maintenance AKTIF!")
2026-09-02 13:42:30 +07:00:   File "C:\Users\Aurelia\AppData\Local\Programs\Python\Python39\lib\encodings\cp1252.py", line 19, in encode
2026-09-02 13:42:30 +07:00:     return codecs.charmap_encode(input,self.errors,encoding_table)[0]
2026-09-02 13:42:30 +07:00: UnicodeEncodeError: 'charmap' codec can't encode character '\U0001f680' in position 0: character maps to <undefined>
2026-09-02 13:42:30 +07:00: Traceback (most recent call last):
2026-09-02 13:42:30 +07:00:   File "D:\- Others\6 - Kerja\AKG\5 - PE\MTC CHECK LIST\mtc-checklist\backend\server.py", line 123, in <module>
2026-09-02 13:42:30 +07:00:     print("\U0001f680 Server Lokal AKG Maintenance AKTIF!")
2026-09-02 13:42:30 +07:00:   File "C:\Users\Aurelia\AppData\Local\Programs\Python\Python39\lib\encodings\cp1252.py", line 19, in encode
2026-09-02 13:42:30 +07:00: 
2026-09-02 13:42:30 +07:00: UnicodeEncodeError: 'charmap' codec can't encode character '\U0001f680' in position 0: character maps to <undefined>
2026-09-02 13:42:31 +07:00: Traceback (most recent call last):
2026-09-02 13:42:31 +07:00:   File "D:\- Others\6 - Kerja\AKG\5 - PE\MTC CHECK LIST\mtc-checklist\backend\server.py", line 123, in <module>
2026-09-02 13:42:31 +07:00:     print("\U0001f680 Server Lokal AKG Maintenance AKTIF!")
2026-09-02 13:42:31 +07:00:   File "C:\Users\Aurelia\AppData\Local\Programs\Python\Python39\lib\encodings\cp1252.py", line 19, in encode
2026-09-02 13:42:31 +07:00:     return codecs.charmap_encode(input,self.errors,encoding_table)[0]
2026-09-02 13:42:31 +07:00: UnicodeEncodeError: 'charmap' codec can't encode character '\U0001f680' in position 0: character maps to <undefined>
2026-09-02 13:42:31 +07:00: Traceback (most recent call last):
2026-09-02 13:42:31 +07:00:   File "D:\- Others\6 - Kerja\AKG\5 - PE\MTC CHECK LIST\mtc-checklist\backend\server.py", line 123, in <module>
2026-09-02 13:42:31 +07:00:     print("\U0001f680 Server Lokal AKG Maintenance AKTIF!")
2026-09-02 13:42:31 +07:00:   File "C:\Users\Aurelia\AppData\Local\Programs\Python\Python39\lib\encodings\cp1252.py", line 19, in encode
2026-09-02 13:42:31 +07:00:     return codecs.charmap_encode(input,self.errors,encoding_table)[0]
2026-09-02 13:42:31 +07:00: UnicodeEncodeError: 'charmap' codec can't encode character '\U0001f680' in position 0: character maps to <undefined>
2026-09-02 13:42:32 +07:00: Traceback (most recent call last):
2026-09-02 13:42:32 +07:00:   File "D:\- Others\6 - Kerja\AKG\5 - PE\MTC CHECK LIST\mtc-checklist\backend\server.py", line 123, in <module>
2026-09-02 13:42:32 +07:00:     print("\U0001f680 Server Lokal AKG Maintenance AKTIF!")
2026-09-02 13:42:32 +07:00:   File "C:\Users\Aurelia\AppData\Local\Programs\Python\Python39\lib\encodings\cp1252.py", line 19, in encode
2026-09-02 13:42:32 +07:00:     return codecs.charmap_encode(input,self.errors,encoding_table)[0]
2026-09-02 13:42:32 +07:00: UnicodeEncodeError: 'charmap' codec can't encode character '\U0001f680' in position 0: character maps to <undefined>
2026-09-02 13:42:33 +07:00: Traceback (most recent call last):
2026-09-02 13:42:33 +07:00:   File "D:\- Others\6 - Kerja\AKG\5 - PE\MTC CHECK LIST\mtc-checklist\backend\server.py", line 123, in <module>
2026-09-02 13:42:33 +07:00:     print("\U0001f680 Server Lokal AKG Maintenance AKTIF!")
2026-09-02 13:42:33 +07:00:   File "C:\Users\Aurelia\AppData\Local\Programs\Python\Python39\lib\encodings\cp1252.py", line 19, in encode
2026-09-02 13:42:33 +07:00:     return codecs.charmap_encode(input,self.errors,encoding_table)[0]
2026-09-02 13:42:33 +07:00: UnicodeEncodeError: 'charmap' codec can't encode character '\U0001f680' in position 0: character maps to <undefined>
2026-09-02 13:42:33 +07:00: Traceback (most recent call last):
2026-09-02 13:42:33 +07:00:   File "D:\- Others\6 - Kerja\AKG\5 - PE\MTC CHECK LIST\mtc-checklist\backend\server.py", line 123, in <module>
2026-09-02 13:42:33 +07:00:     print("\U0001f680 Server Lokal AKG Maintenance AKTIF!")
2026-09-02 13:42:33 +07:00:   File "C:\Users\Aurelia\AppData\Local\Programs\Python\Python39\lib\encodings\cp1252.py", line 19, in encode
2026-09-02 13:42:33 +07:00:     return codecs.charmap_encode(input,self.errors,encoding_table)[0]
2026-09-02 13:42:33 +07:00: UnicodeEncodeError: 'charmap' codec can't encode character '\U0001f680' in position 0: character maps to <undefined>
